// Jest Snapshot v1, https://goo.gl/fbAQLP

exports[`<Input /> should match snapshot 1`] = `
<input
  autocomplete="off"
  class="full-input"
  id="cpf-input"
  maxlength="14"
  placeholder="Digite um CPF"
  value="123.456.789-00"
/>
`;
